<title>Vdbench output/config.html</title><pre>
Output from script /home/theharshshow/vdbench/linux/config.sh: 

stderr: /home/theharshshow/vdbench/linux/config.sh: line 17: ifconfig: command not found
Tuesday 24 November 2020 04:51:08 PM IST
>>>>>uname -a
Linux theharshshow-VirtualBox 5.4.0-54-generic #60-Ubuntu SMP Fri Nov 6 10:37:59 UTC 2020 x86_64 x86_64 x86_64 GNU/Linux
Tuesday 24 November 2020 04:51:08 PM IST
>>>>>ifconfig -a
Tuesday 24 November 2020 04:51:08 PM IST
>>>>>id
uid=0(root) gid=0(root) groups=0(root)
Tuesday 24 November 2020 04:51:08 PM IST
>>>>>mount
sysfs on /sys type sysfs (rw,nosuid,nodev,noexec,relatime)
proc on /proc type proc (rw,nosuid,nodev,noexec,relatime)
udev on /dev type devtmpfs (rw,nosuid,noexec,relatime,size=1987040k,nr_inodes=496760,mode=755)
devpts on /dev/pts type devpts (rw,nosuid,noexec,relatime,gid=5,mode=620,ptmxmode=000)
tmpfs on /run type tmpfs (rw,nosuid,nodev,noexec,relatime,size=403088k,mode=755)
/dev/sda5 on / type ext4 (rw,relatime,errors=remount-ro)
securityfs on /sys/kernel/security type securityfs (rw,nosuid,nodev,noexec,relatime)
tmpfs on /dev/shm type tmpfs (rw,nosuid,nodev)
tmpfs on /run/lock type tmpfs (rw,nosuid,nodev,noexec,relatime,size=5120k)
tmpfs on /sys/fs/cgroup type tmpfs (ro,nosuid,nodev,noexec,mode=755)
cgroup2 on /sys/fs/cgroup/unified type cgroup2 (rw,nosuid,nodev,noexec,relatime,nsdelegate)
cgroup on /sys/fs/cgroup/systemd type cgroup (rw,nosuid,nodev,noexec,relatime,xattr,name=systemd)
pstore on /sys/fs/pstore type pstore (rw,nosuid,nodev,noexec,relatime)
none on /sys/fs/bpf type bpf (rw,nosuid,nodev,noexec,relatime,mode=700)
cgroup on /sys/fs/cgroup/cpuset type cgroup (rw,nosuid,nodev,noexec,relatime,cpuset)
cgroup on /sys/fs/cgroup/pids type cgroup (rw,nosuid,nodev,noexec,relatime,pids)
cgroup on /sys/fs/cgroup/blkio type cgroup (rw,nosuid,nodev,noexec,relatime,blkio)
cgroup on /sys/fs/cgroup/devices type cgroup (rw,nosuid,nodev,noexec,relatime,devices)
cgroup on /sys/fs/cgroup/memory type cgroup (rw,nosuid,nodev,noexec,relatime,memory)
cgroup on /sys/fs/cgroup/cpu,cpuacct type cgroup (rw,nosuid,nodev,noexec,relatime,cpu,cpuacct)
cgroup on /sys/fs/cgroup/net_cls,net_prio type cgroup (rw,nosuid,nodev,noexec,relatime,net_cls,net_prio)
cgroup on /sys/fs/cgroup/freezer type cgroup (rw,nosuid,nodev,noexec,relatime,freezer)
cgroup on /sys/fs/cgroup/perf_event type cgroup (rw,nosuid,nodev,noexec,relatime,perf_event)
cgroup on /sys/fs/cgroup/rdma type cgroup (rw,nosuid,nodev,noexec,relatime,rdma)
cgroup on /sys/fs/cgroup/hugetlb type cgroup (rw,nosuid,nodev,noexec,relatime,hugetlb)
systemd-1 on /proc/sys/fs/binfmt_misc type autofs (rw,relatime,fd=28,pgrp=1,timeout=0,minproto=5,maxproto=5,direct,pipe_ino=13519)
mqueue on /dev/mqueue type mqueue (rw,nosuid,nodev,noexec,relatime)
debugfs on /sys/kernel/debug type debugfs (rw,nosuid,nodev,noexec,relatime)
hugetlbfs on /dev/hugepages type hugetlbfs (rw,relatime,pagesize=2M)
tracefs on /sys/kernel/tracing type tracefs (rw,nosuid,nodev,noexec,relatime)
fusectl on /sys/fs/fuse/connections type fusectl (rw,nosuid,nodev,noexec,relatime)
configfs on /sys/kernel/config type configfs (rw,nosuid,nodev,noexec,relatime)
/var/lib/snapd/snaps/core18_1880.snap on /snap/core18/1880 type squashfs (ro,nodev,relatime,x-gdu.hide)
/var/lib/snapd/snaps/gnome-3-34-1804_36.snap on /snap/gnome-3-34-1804/36 type squashfs (ro,nodev,relatime,x-gdu.hide)
/var/lib/snapd/snaps/core18_1932.snap on /snap/core18/1932 type squashfs (ro,nodev,relatime,x-gdu.hide)
/var/lib/snapd/snaps/gnome-3-34-1804_60.snap on /snap/gnome-3-34-1804/60 type squashfs (ro,nodev,relatime,x-gdu.hide)
/var/lib/snapd/snaps/gtk-common-themes_1506.snap on /snap/gtk-common-themes/1506 type squashfs (ro,nodev,relatime,x-gdu.hide)
/var/lib/snapd/snaps/snap-store_467.snap on /snap/snap-store/467 type squashfs (ro,nodev,relatime,x-gdu.hide)
/var/lib/snapd/snaps/snapd_8542.snap on /snap/snapd/8542 type squashfs (ro,nodev,relatime,x-gdu.hide)
/var/lib/snapd/snaps/snapd_9721.snap on /snap/snapd/9721 type squashfs (ro,nodev,relatime,x-gdu.hide)
/dev/sdc on /mnt/54561fbe-141d-4334-a55f-92cd1c8b489e type ext4 (rw,nosuid,nodev,relatime,x-gvfs-show)
/dev/sda1 on /boot/efi type vfat (rw,relatime,fmask=0077,dmask=0077,codepage=437,iocharset=iso8859-1,shortname=mixed,errors=remount-ro)
zfs_pool on /zfs_pool type zfs (rw,xattr,noacl)
tmpfs on /run/user/1000 type tmpfs (rw,nosuid,nodev,relatime,size=403088k,mode=700,uid=1000,gid=1000)
gvfsd-fuse on /run/user/1000/gvfs type fuse.gvfsd-fuse (rw,nosuid,nodev,relatime,user_id=1000,group_id=1000)
/dev/fuse on /run/user/1000/doc type fuse (rw,nosuid,nodev,relatime,user_id=1000,group_id=1000)
tmpfs on /run/snapd/ns type tmpfs (rw,nosuid,nodev,noexec,relatime,size=403088k,mode=755)
nsfs on /run/snapd/ns/snap-store.mnt type nsfs (rw)
Tuesday 24 November 2020 04:51:08 PM IST
>>>>>memory
MemTotal:        4030880 kB
MemFree:          637428 kB
MemAvailable:    2228376 kB
Buffers:           73084 kB
Cached:          1745144 kB
SwapCached:            0 kB
Active:          1894272 kB
Inactive:         849736 kB
Active(anon):     922196 kB
Inactive(anon):    74332 kB
Active(file):     972076 kB
Inactive(file):   775404 kB
Unevictable:           0 kB
Mlocked:               0 kB
SwapTotal:       1918356 kB
SwapFree:        1918356 kB
Dirty:               388 kB
Writeback:             0 kB
AnonPages:        925764 kB
Mapped:           473652 kB
Shmem:             75252 kB
KReclaimable:      93016 kB
Slab:             169096 kB
SReclaimable:      93016 kB
SUnreclaim:        76080 kB
KernelStack:       11296 kB
PageTables:        16928 kB
NFS_Unstable:          0 kB
Bounce:                0 kB
WritebackTmp:          0 kB
CommitLimit:     3933796 kB
Committed_AS:    4640988 kB
VmallocTotal:   34359738367 kB
VmallocUsed:      201268 kB
VmallocChunk:          0 kB
Percpu:              692 kB
HardwareCorrupted:     0 kB
AnonHugePages:         0 kB
ShmemHugePages:        0 kB
ShmemPmdMapped:        0 kB
FileHugePages:         0 kB
FilePmdMapped:         0 kB
CmaTotal:              0 kB
CmaFree:               0 kB
HugePages_Total:       0
HugePages_Free:        0
HugePages_Rsvd:        0
HugePages_Surp:        0
Hugepagesize:       2048 kB
Hugetlb:               0 kB
DirectMap4k:      393152 kB
DirectMap2M:     3801088 kB
              total        used        free      shared  buff/cache   available
Mem:        4030880     1482208      637428       75252     1911244     2228376
Low:        4030880     3393452      637428
High:             0           0           0
Swap:       1918356           0     1918356
Tuesday 24 November 2020 04:51:08 PM IST
>>>>>ps -ef | grep -i vdb
root        9403    6578  0 16:51 pts/0    00:00:00 sudo ./vdbench -f workload1 anchor=/zfs_pool
root        9404    9403  0 16:51 pts/0    00:00:00 /bin/bash ./vdbench -f workload1 anchor=/zfs_pool
root        9406    9404 62 16:51 pts/0    00:00:00 java -client -Xmx512m -Xms64m -cp ./:./classes:./vdbench.jar Vdb.Vdbmain -f workload1 anchor=/zfs_pool
root        9426    9406  0 16:51 pts/0    00:00:00 /bin/bash /home/theharshshow/vdbench/vdbench SlaveJvm -m localhost -n localhost-10-201124-16.51.07.806 -l localhost-0 -p 5570
root        9430    9426 44 16:51 pts/0    00:00:00 java -client -Xmx1024m -Xms128m -cp /home/theharshshow/vdbench/:/home/theharshshow/vdbench/classes:/home/theharshshow/vdbench/vdbench.jar Vdb.SlaveJvm SlaveJvm -m localhost -n localhost-10-201124-16.51.07.806 -l localhost-0 -p 5570
root        9456    9406  0 16:51 pts/0    00:00:00 /bin/bash /home/theharshshow/vdbench/linux/config.sh -o /home/theharshshow/vdbench/output localhost
root        9472    9456  0 16:51 pts/0    00:00:00 grep -i vdb

